MPLINK 5.08, LINKER
Linker Map File - Created Mon Mar 23 19:47:35 2026

                                 Section Info
                  Section       Type    Address   Location Size(Bytes)
                ---------  ---------  ---------  ---------  ---------
                   .org_0       code   0x000000    program   0x000002
                   .cinit    romdata   0x000001    program   0x000004
                   .org_1       code   0x000005    program   0x0000a4
.config_2007_BUILD/DEFAULT/PRODUCTION/MAIN.O       code   0x002007    program   0x000002



                              Program Memory Usage 
                               Start         End      
                           ---------   ---------      
                            0x000000    0x000002      
                            0x000005    0x000056      
                            0x002007    0x002007      
            86 out of 8454 program addresses used, program memory utilization is 1%



                              Symbols - Sorted by Name
                     Name    Address   Location    Storage File                     
                ---------  ---------  ---------  --------- ---------                
           ConversionLoop   0x00001f    program     static D:\workspace\UOTTAWA\____W26\ELG4159\Labs\Lab3_ADC.X\main.asm
             DISPLAY_LEDS   0x00003b    program     static D:\workspace\UOTTAWA\____W26\ELG4159\Labs\Lab3_ADC.X\main.asm
               Initialize   0x000005    program     static D:\workspace\UOTTAWA\____W26\ELG4159\Labs\Lab3_ADC.X\main.asm
                     Main   0x00001a    program     static D:\workspace\UOTTAWA\____W26\ELG4159\Labs\Lab3_ADC.X\main.asm
                Next_Bit1   0x000040    program     static D:\workspace\UOTTAWA\____W26\ELG4159\Labs\Lab3_ADC.X\main.asm
                Next_Bit2   0x000042    program     static D:\workspace\UOTTAWA\____W26\ELG4159\Labs\Lab3_ADC.X\main.asm
                Next_Bit3   0x000044    program     static D:\workspace\UOTTAWA\____W26\ELG4159\Labs\Lab3_ADC.X\main.asm
               ResetTimer   0x000033    program     static D:\workspace\UOTTAWA\____W26\ELG4159\Labs\Lab3_ADC.X\main.asm
               SampleTime   0x000038    program     static D:\workspace\UOTTAWA\____W26\ELG4159\Labs\Lab3_ADC.X\main.asm
                 Set_LED4   0x000054    program     static D:\workspace\UOTTAWA\____W26\ELG4159\Labs\Lab3_ADC.X\main.asm
                 Set_LED5   0x000050    program     static D:\workspace\UOTTAWA\____W26\ELG4159\Labs\Lab3_ADC.X\main.asm
                 Set_LED6   0x00004c    program     static D:\workspace\UOTTAWA\____W26\ELG4159\Labs\Lab3_ADC.X\main.asm
                 Set_LED7   0x000048    program     static D:\workspace\UOTTAWA\____W26\ELG4159\Labs\Lab3_ADC.X\main.asm
                   Toggle   0x00002c    program     static D:\workspace\UOTTAWA\____W26\ELG4159\Labs\Lab3_ADC.X\main.asm



                              Symbols - Sorted by Address
                     Name    Address   Location    Storage File                     
                ---------  ---------  ---------  --------- ---------                
               Initialize   0x000005    program     static D:\workspace\UOTTAWA\____W26\ELG4159\Labs\Lab3_ADC.X\main.asm
                     Main   0x00001a    program     static D:\workspace\UOTTAWA\____W26\ELG4159\Labs\Lab3_ADC.X\main.asm
           ConversionLoop   0x00001f    program     static D:\workspace\UOTTAWA\____W26\ELG4159\Labs\Lab3_ADC.X\main.asm
                   Toggle   0x00002c    program     static D:\workspace\UOTTAWA\____W26\ELG4159\Labs\Lab3_ADC.X\main.asm
               ResetTimer   0x000033    program     static D:\workspace\UOTTAWA\____W26\ELG4159\Labs\Lab3_ADC.X\main.asm
               SampleTime   0x000038    program     static D:\workspace\UOTTAWA\____W26\ELG4159\Labs\Lab3_ADC.X\main.asm
             DISPLAY_LEDS   0x00003b    program     static D:\workspace\UOTTAWA\____W26\ELG4159\Labs\Lab3_ADC.X\main.asm
                Next_Bit1   0x000040    program     static D:\workspace\UOTTAWA\____W26\ELG4159\Labs\Lab3_ADC.X\main.asm
                Next_Bit2   0x000042    program     static D:\workspace\UOTTAWA\____W26\ELG4159\Labs\Lab3_ADC.X\main.asm
                Next_Bit3   0x000044    program     static D:\workspace\UOTTAWA\____W26\ELG4159\Labs\Lab3_ADC.X\main.asm
                 Set_LED7   0x000048    program     static D:\workspace\UOTTAWA\____W26\ELG4159\Labs\Lab3_ADC.X\main.asm
                 Set_LED6   0x00004c    program     static D:\workspace\UOTTAWA\____W26\ELG4159\Labs\Lab3_ADC.X\main.asm
                 Set_LED5   0x000050    program     static D:\workspace\UOTTAWA\____W26\ELG4159\Labs\Lab3_ADC.X\main.asm
                 Set_LED4   0x000054    program     static D:\workspace\UOTTAWA\____W26\ELG4159\Labs\Lab3_ADC.X\main.asm


