MPLINK 5.08, LINKER
Linker Map File - Created Mon Mar 02 20:49:29 2026

                                 Section Info
                  Section       Type    Address   Location Size(Bytes)
                ---------  ---------  ---------  ---------  ---------
                   .org_0       code   0x000000    program   0x000002
                   .org_1       code   0x000005    program   0x000028
                   .cinit    romdata   0x001800    program   0x000004
                    dbgP0       code   0x001f00    program   0x0001fe
.config_2007_BUILD/DEFAULT/DEBUG/MAIN.O       code   0x002007    program   0x000002
                    dbgD0      udata   0x000070       data   0x000001
                    dbgD1      udata   0x0000f0       data   0x000001
                    dbgD2      udata   0x000165       data   0x00000b
                    dbgD3      udata   0x000170       data   0x000001
                    dbgD4      udata   0x0001f0       data   0x000001



                              Program Memory Usage 
                               Start         End      
                           ---------   ---------      
                            0x000000    0x000000      
                            0x000005    0x000018      
                            0x001800    0x001801      
                            0x001f00    0x001ffe      
                            0x002007    0x002007      
            279 out of 8454 program addresses used, program memory utilization is 3%



                              Symbols - Sorted by Name
                     Name    Address   Location    Storage File                     
                ---------  ---------  ---------  --------- ---------                
               Initialize   0x000005    program     static D:\workspace\UOTTAWA\____W26\ELG4159\Exos\SignalWaveGenerator.X\main.asm
                     Main   0x000011    program     static D:\workspace\UOTTAWA\____W26\ELG4159\Exos\SignalWaveGenerator.X\main.asm
                 WaitLoop   0x000016    program     static D:\workspace\UOTTAWA\____W26\ELG4159\Exos\SignalWaveGenerator.X\main.asm



                              Symbols - Sorted by Address
                     Name    Address   Location    Storage File                     
                ---------  ---------  ---------  --------- ---------                
               Initialize   0x000005    program     static D:\workspace\UOTTAWA\____W26\ELG4159\Exos\SignalWaveGenerator.X\main.asm
                     Main   0x000011    program     static D:\workspace\UOTTAWA\____W26\ELG4159\Exos\SignalWaveGenerator.X\main.asm
                 WaitLoop   0x000016    program     static D:\workspace\UOTTAWA\____W26\ELG4159\Exos\SignalWaveGenerator.X\main.asm


