MPLINK 5.08, LINKER
Linker Map File - Created Mon Feb 02 19:14:51 2026

                                 Section Info
                  Section       Type    Address   Location Size(Bytes)
                ---------  ---------  ---------  ---------  ---------
                   .org_0       code   0x000000    program   0x000002
                   .cinit    romdata   0x000001    program   0x000004
                   .org_1       code   0x000005    program   0x00007a
.config_2007_BUILD/DEFAULT/PRODUCTION/WLC.O       code   0x002007    program   0x000002



                              Program Memory Usage 
                               Start         End      
                           ---------   ---------      
                            0x000000    0x000002      
                            0x000005    0x000041      
                            0x002007    0x002007      
            65 out of 8454 program addresses used, program memory utilization is 0%



                              Symbols - Sorted by Name
                     Name    Address   Location    Storage File                     
                ---------  ---------  ---------  --------- ---------                
        DebounceState2SW2   0x000034    program     static D:\workspace\UOTTAWA\____W26\ELG4159\Exos\LAB1_WaterLevelController.X\WLC.asm
        DebounceState2SW3   0x00003d    program     static D:\workspace\UOTTAWA\____W26\ELG4159\Exos\LAB1_WaterLevelController.X\WLC.asm
         DebounceStateSW2   0x000030    program     static D:\workspace\UOTTAWA\____W26\ELG4159\Exos\LAB1_WaterLevelController.X\WLC.asm
         DebounceStateSW3   0x000039    program     static D:\workspace\UOTTAWA\____W26\ELG4159\Exos\LAB1_WaterLevelController.X\WLC.asm
               Initialize   0x000005    program     static D:\workspace\UOTTAWA\____W26\ELG4159\Exos\LAB1_WaterLevelController.X\WLC.asm
                     Main   0x000020    program     static D:\workspace\UOTTAWA\____W26\ELG4159\Exos\LAB1_WaterLevelController.X\WLC.asm
              SENSOR_HIGH   0x00002d    program     static D:\workspace\UOTTAWA\____W26\ELG4159\Exos\LAB1_WaterLevelController.X\WLC.asm
               SENSOR_LOW   0x00002a    program     static D:\workspace\UOTTAWA\____W26\ELG4159\Exos\LAB1_WaterLevelController.X\WLC.asm



                              Symbols - Sorted by Address
                     Name    Address   Location    Storage File                     
                ---------  ---------  ---------  --------- ---------                
               Initialize   0x000005    program     static D:\workspace\UOTTAWA\____W26\ELG4159\Exos\LAB1_WaterLevelController.X\WLC.asm
                     Main   0x000020    program     static D:\workspace\UOTTAWA\____W26\ELG4159\Exos\LAB1_WaterLevelController.X\WLC.asm
               SENSOR_LOW   0x00002a    program     static D:\workspace\UOTTAWA\____W26\ELG4159\Exos\LAB1_WaterLevelController.X\WLC.asm
              SENSOR_HIGH   0x00002d    program     static D:\workspace\UOTTAWA\____W26\ELG4159\Exos\LAB1_WaterLevelController.X\WLC.asm
         DebounceStateSW2   0x000030    program     static D:\workspace\UOTTAWA\____W26\ELG4159\Exos\LAB1_WaterLevelController.X\WLC.asm
        DebounceState2SW2   0x000034    program     static D:\workspace\UOTTAWA\____W26\ELG4159\Exos\LAB1_WaterLevelController.X\WLC.asm
         DebounceStateSW3   0x000039    program     static D:\workspace\UOTTAWA\____W26\ELG4159\Exos\LAB1_WaterLevelController.X\WLC.asm
        DebounceState2SW3   0x00003d    program     static D:\workspace\UOTTAWA\____W26\ELG4159\Exos\LAB1_WaterLevelController.X\WLC.asm


